[mines.lacasadasorte.com.br/index.html]
[backblue.gif]
[fade.gif]
[index.html]
[mines.lacasadasorte.com.br/wp-content/themes/twentytwentythree/assets/fonts/dm-sans/DMSans-Regular.woff2]
[mines.lacasadasorte.com.br/wp-content/themes/twentytwentythree/assets/fonts/dm-sans/DMSans-Regular-Italic.woff2]
[mines.lacasadasorte.com.br/wp-content/themes/twentytwentythree/assets/fonts/dm-sans/DMSans-Bold.woff2]
[mines.lacasadasorte.com.br/wp-content/themes/twentytwentythree/assets/fonts/dm-sans/DMSans-Bold-Italic.woff2]
[mines.lacasadasorte.com.br/wp-content/themes/twentytwentythree/assets/fonts/ibm-plex-mono/IBMPlexMono-Light.woff2]
[mines.lacasadasorte.com.br/wp-content/themes/twentytwentythree/assets/fonts/ibm-plex-mono/IBMPlexMono-Regular.woff2]
[mines.lacasadasorte.com.br/wp-content/themes/twentytwentythree/assets/fonts/ibm-plex-mono/IBMPlexMono-Italic.woff2]
[mines.lacasadasorte.com.br/wp-content/themes/twentytwentythree/assets/fonts/ibm-plex-mono/IBMPlexMono-Bold.woff2]
[mines.lacasadasorte.com.br/wp-content/themes/twentytwentythree/assets/fonts/source-serif-pro/SourceSerif4Variable-Roman.ttf.woff2]
[mines.lacasadasorte.com.br/wp-content/themes/twentytwentythree/assets/fonts/inter/Inter-VariableFont_slnt,wght.ttf]
[mines.lacasadasorte.com.br/wp-content/themes/twentytwentythree/assets/fonts/source-serif-pro/SourceSerif4Variable-Italic.ttf.woff2]
[mines.lacasadasorte.com.br/wp-content/plugins/elementor/assets/lib/eicons/css/elementor-icons.minb683.css]
[mines.lacasadasorte.com.br/wp-content/plugins/elementor/assets/css/frontend.minedb1.css]
[mines.lacasadasorte.com.br/wp-content/plugins/elementor/assets/lib/eicons/fonts/eicons0b93.eot]
[mines.lacasadasorte.com.br/wp-content/uploads/elementor/css/post-66168.css]
[mines.lacasadasorte.com.br/index.php/feed/index.html]
[mines.lacasadasorte.com.br/index.php/comments/feed/index.html]
[mines.lacasadasorte.com.br/wp-content/plugins/elementor-pro/assets/css/frontend.min5589.css]
[mines.lacasadasorte.com.br/wp-content/uploads/elementor/css/global7661.css]
[mines.lacasadasorte.com.br/wp-content/uploads/elementor/css/post-18a8cc.css]
[mines.lacasadasorte.com.br/wp-content/plugins/elementor/assets/lib/font-awesome/css/fontawesome.min52d5.css]
[mines.lacasadasorte.com.br/wp-content/plugins/elementor/assets/lib/font-awesome/css/solid.min52d5.css]
[mines.lacasadasorte.com.br/wp-content/plugins/elementor/assets/lib/font-awesome/css/brands.min52d5.css]
[mines.lacasadasorte.com.br/index.php/wp-json/wp/v2/pages/18.json]
[mines.lacasadasorte.com.br/index.php/wp-json/index.html]
[mines.lacasadasorte.com.br/xmlrpc0db0.php]
[mines.lacasadasorte.com.br/wp-includes/wlwmanifest.xml]
[mines.lacasadasorte.com.br/index.php/wp-json/oembed/1.0/embed411c.json]
[mines.lacasadasorte.com.br/index.php/wp-json/oembed/1.0/embeda435]
[mines.lacasadasorte.com.br/wp-content/uploads/elementor/thumbs/logo-png-mina-de-ouro-q6i4467xqs1iwa3hpbixt9hkf42cyn5qr5y83pksyo.png]
[connect.facebook.net/en_US/fbevents.js]
[mines.lacasadasorte.com.br/wp-content/uploads/2023/05/setas-para-baixo.png]
[mines.lacasadasorte.com.br/wp-content/uploads/2023/05/Copia-de-Copia-de-photo_2023-03-16_07-54-22-473x1024.jpg]
[mines.lacasadasorte.com.br/wp-content/uploads/2023/05/Copia-de-Copia-de-photo_2023-03-16_08-19-08-496x1024.jpg]
[mines.lacasadasorte.com.br/wp-content/uploads/2023/05/Copia-de-Copia-de-photo_2023-03-16_08-22-07-473x1024.jpg]
[mines.lacasadasorte.com.br/wp-content/plugins/elementor/assets/lib/animations/animations.minedb1.css]
[mines.lacasadasorte.com.br/wp-content/plugins/elementor-pro/assets/js/webpack-pro.runtime.min5589.js]
[mines.lacasadasorte.com.br/wp-content/plugins/elementor/assets/js/webpack.runtime.minedb1.js]
[mines.lacasadasorte.com.br/wp-includes/js/jquery/jquery.min5aed.js]
[mines.lacasadasorte.com.br/wp-includes/js/jquery/jquery-migrate.min6b00.js]
[mines.lacasadasorte.com.br/wp-content/plugins/elementor/assets/js/frontend-modules.minedb1.js]
[mines.lacasadasorte.com.br/wp-content/plugins/elementor-pro/assets/js/frontend.min5589.js]
[mines.lacasadasorte.com.br/wp-content/plugins/elementor/assets/lib/waypoints/waypoints.min05da.js]
[mines.lacasadasorte.com.br/wp-includes/js/jquery/ui/core.min3f14.js]
[mines.lacasadasorte.com.br/wp-content/plugins/elementor/assets/lib/swiper/swiper.min48f5.js]
[mines.lacasadasorte.com.br/wp-content/plugins/elementor/assets/lib/share-link/share-link.minedb1.js]
[mines.lacasadasorte.com.br/wp-content/plugins/elementor/assets/lib/dialog/dialog.mina288.js]
[mines.lacasadasorte.com.br/wp-content/plugins/elementor/assets/js/frontend.minedb1.js]
[mines.lacasadasorte.com.br/wp-content/plugins/elementor-pro/assets/js/preloaded-elements-handlers.min5589.js]
[mines.lacasadasorte.com.br/wp-content/plugins/elementor/assets/js/preloaded-modules.minedb1.js]
[mines.lacasadasorte.com.br/wp-content/plugins/elementor-pro/assets/lib/sticky/jquery.sticky.min5589.js]
[mines.lacasadasorte.com.br/wp-includes/js/underscore.mind584.js]
[mines.lacasadasorte.com.br/wp-includes/js/wp-util.min3781.js]
[mines.lacasadasorte.com.br/wp-content/plugins/wpforms-lite/assets/js/integrations/elementor/frontend.minbbb9.js]
[mines.lacasadasorte.com.br/index.html]
[mines.lacasadasorte.com.br/wp-content/plugins/elementor/assets/lib/eicons/fonts/eicons02d6.eot]
[mines.lacasadasorte.com.br/wp-content/plugins/elementor/assets/lib/eicons/fonts/eicons02d6.woff2]
[mines.lacasadasorte.com.br/wp-content/plugins/elementor/assets/lib/eicons/fonts/eicons02d6.woff]
[mines.lacasadasorte.com.br/wp-content/plugins/elementor/assets/lib/eicons/fonts/eicons02d6.ttf]
[mines.lacasadasorte.com.br/wp-content/plugins/elementor/assets/lib/eicons/css/elementor-icons.minb683.css]
[mines.lacasadasorte.com.br/wp-content/plugins/elementor/assets/css/frontend.minedb1.css]
[mines.lacasadasorte.com.br/wp-content/uploads/elementor/css/post-66168.css]
[mines.lacasadasorte.com.br/wp-content/plugins/elementor-pro/assets/css/frontend.min5589.css]
[mines.lacasadasorte.com.br/wp-content/uploads/elementor/css/global7661.css]
[mines.lacasadasorte.com.br/wp-content/plugins/elementor/assets/lib/eicons/fonts/eicons02d6.svg]
[mines.lacasadasorte.com.br/wp-content/uploads/2023/05/Backgroud-mina-pc.jpg]
[minadeourovip.com/wp-content/uploads/2023/03/Backgroud-mine-mobile.png]
[mines.lacasadasorte.com.br/wp-content/uploads/elementor/css/post-18a8cc.css]
[mines.lacasadasorte.com.br/wp-content/plugins/elementor/assets/lib/font-awesome/css/fontawesome.min52d5.css]
[mines.lacasadasorte.com.br/wp-content/plugins/elementor/assets/lib/font-awesome/webfonts/fa-solid-900.eot]
[mines.lacasadasorte.com.br/wp-content/plugins/elementor/assets/lib/font-awesome/webfonts/fa-solid-900d41d.eot]
[mines.lacasadasorte.com.br/wp-content/plugins/elementor/assets/lib/font-awesome/webfonts/fa-solid-900.woff2]
[mines.lacasadasorte.com.br/wp-content/plugins/elementor/assets/lib/font-awesome/webfonts/fa-solid-900.woff]
[mines.lacasadasorte.com.br/wp-content/plugins/elementor/assets/lib/font-awesome/webfonts/fa-solid-900.ttf]
[mines.lacasadasorte.com.br/wp-content/plugins/elementor/assets/lib/font-awesome/css/solid.min52d5.css]
[mines.lacasadasorte.com.br/wp-content/plugins/elementor/assets/lib/font-awesome/webfonts/fa-solid-900.svg]
[mines.lacasadasorte.com.br/wp-content/plugins/elementor/assets/lib/font-awesome/webfonts/fa-brands-400.eot]
[mines.lacasadasorte.com.br/wp-content/plugins/elementor/assets/lib/font-awesome/webfonts/fa-brands-400d41d.eot]
[mines.lacasadasorte.com.br/wp-content/plugins/elementor/assets/lib/font-awesome/webfonts/fa-brands-400.woff2]
[mines.lacasadasorte.com.br/wp-content/plugins/elementor/assets/lib/font-awesome/webfonts/fa-brands-400.woff]
[mines.lacasadasorte.com.br/wp-content/plugins/elementor/assets/lib/font-awesome/webfonts/fa-brands-400.ttf]
[mines.lacasadasorte.com.br/wp-content/plugins/elementor/assets/lib/font-awesome/css/brands.min52d5.css]
[mines.lacasadasorte.com.br/wp-content/plugins/elementor/assets/lib/font-awesome/webfonts/fa-brands-400.svg]
[mines.lacasadasorte.com.br/c]
[mines.lacasadasorte.com.br/b]
[mines.lacasadasorte.com.br/POST]
[connect.facebook.net/en_US/fbevents.js]
[mines.lacasadasorte.com.br/wp-content/plugins/elementor/assets/lib/animations/animations.minedb1.css]
[mines.lacasadasorte.com.br/wp-content/plugins/elementor-pro/assets/js/webpack-pro.runtime.min5589.js]
[mines.lacasadasorte.com.br/wp-content/plugins/elementor/assets/js/webpack.runtime.minedb1.js]
[mines.lacasadasorte.com.br/wp-includes/js/jquery/jquery.min5aed.js]
[mines.lacasadasorte.com.br/wp-includes/js/jquery/jquery-migrate.min6b00.js]
[mines.lacasadasorte.com.br/wp-content/plugins/elementor/assets/js/frontend-modules.minedb1.js]
[mines.lacasadasorte.com.br/wp-content/plugins/elementor-pro/assets/js/frontend.min5589.js]
[mines.lacasadasorte.com.br/wp-content/plugins/elementor/assets/lib/waypoints/waypoints.min05da.js]
[mines.lacasadasorte.com.br/wp-includes/js/jquery/ui/core.min3f14.js]
[mines.lacasadasorte.com.br/wp-content/plugins/elementor/assets/lib/swiper/swiper.min48f5.js]
[mines.lacasadasorte.com.br/wp-content/plugins/elementor/assets/lib/share-link/share-link.minedb1.js]
[mines.lacasadasorte.com.br/Trident/index.html]
[mines.lacasadasorte.com.br/wp-content/plugins/elementor/assets/lib/dialog/dialog.mina288.js]
[mines.lacasadasorte.com.br/Edge/index.html]
[mines.lacasadasorte.com.br/Firefox/index.html]
[mines.lacasadasorte.com.br/Version/index.html]
[mines.lacasadasorte.com.br/Gecko/index.html]
[mines.lacasadasorte.com.br/version/index-2.html]
[mines.lacasadasorte.com.br/-negative.svg]
[mines.lacasadasorte.com.br/wp-content/plugins/elementor/assets/js/frontend.minedb1.js]
[mines.lacasadasorte.com.br/wp-content/plugins/elementor-pro/assets/js/preloaded-elements-handlers.min5589.js]
[mines.lacasadasorte.com.br/wp-content/plugins/elementor/assets/js/preloaded-modules.minedb1.js]
[mines.lacasadasorte.com.br/wp-content/plugins/elementor-pro/assets/lib/sticky/jquery.sticky.min5589.js]
[mines.lacasadasorte.com.br/wp-includes/js/underscore.mind584.js]
[mines.lacasadasorte.com.br/wp-includes/js/wp-util.min3781.js]
[mines.lacasadasorte.com.br/wp-content/plugins/wpforms-lite/assets/js/integrations/elementor/frontend.minbbb9.js]
[mines.lacasadasorte.com.br/wp-content/plugins/elementor/assets/lib/eicons/fonts/eicons02d6.svg]
[mines.lacasadasorte.com.br/wp-content/plugins/elementor/assets/lib/font-awesome/webfonts/fa-solid-900.svg]
[mines.lacasadasorte.com.br/wp-content/plugins/elementor/assets/lib/font-awesome/webfonts/fa-brands-400.svg]
[mines.lacasadasorte.com.br/c.html]
[mines.lacasadasorte.com.br/b.html]
[mines.lacasadasorte.com.br/POST.html]
[mines.lacasadasorte.com.br/Trident/index.html]
[mines.lacasadasorte.com.br/Edge/index.html]
[mines.lacasadasorte.com.br/Gecko/index.html]
[mines.lacasadasorte.com.br/Firefox/index.html]
[mines.lacasadasorte.com.br/Version/index.html]
[mines.lacasadasorte.com.br/version/index-2.html]
[mines.lacasadasorte.com.br/-negative.html]
[mines.lacasadasorte.com.br/OPR/index.html]
[mines.lacasadasorte.com.br/OPR/index.html]
